<!DOCTYPE html>
<html lang="en">
  <head>
    <meta name="viewport" content="width=device-width, initial-scale=1.0, maximum-scale=1.0, minimum-scale=1.0, user-scalable=no">
  </head>
  <body>
    <div class="layout"></div>

    <script type="text/javascript" src="native-home.js"></script>
  </body>
</html>
