<!DOCTYPE html>
<html lang="en">
  <head>
    <title>Lumbar Example</title>
    <meta name="viewport" content="width=device-width, initial-scale=1.0, maximum-scale=1.0, minimum-scale=1.0, user-scalable=no">
  </head>
  <body>
    <div class="flex">
      <div class="header"></div>
      <div class="layout"></div>
    </div>

    <script type="text/javascript" src="base.js"></script>
  </body>
</html>
