var Bridge = exports.Bridge = {
  sendMessage: function() {}
};
  